Archive member included to satisfy reference by file (symbol)

c:/program files (x86)/atmel/studio/7.0/toolchain/avr8/avr8-gnu-toolchain/bin/../lib/gcc/avr/4.9.2/avr25\libgcc.a(_exit.o)
                              C:/Program Files (x86)/Atmel/Studio/7.0/Packs/atmel/ATtiny_DFP/1.0.79/gcc/dev/attiny88/avr25/crtattiny88.o (exit)
c:/program files (x86)/atmel/studio/7.0/toolchain/avr8/avr8-gnu-toolchain/bin/../lib/gcc/avr/4.9.2/avr25\libgcc.a(_copy_data.o)
                              lib/spi/single/spi_single.o (__do_copy_data)
c:/program files (x86)/atmel/studio/7.0/toolchain/avr8/avr8-gnu-toolchain/bin/../lib/gcc/avr/4.9.2/avr25\libgcc.a(_clear_bss.o)
                              main.o (__do_clear_bss)

Allocating common symbols
Common symbol       size              file

state               0xb               lib/protos/protos.o

Discarded input sections

 .data          0x00000000        0x0 C:/Program Files (x86)/Atmel/Studio/7.0/Packs/atmel/ATtiny_DFP/1.0.79/gcc/dev/attiny88/avr25/crtattiny88.o
 .bss           0x00000000        0x0 C:/Program Files (x86)/Atmel/Studio/7.0/Packs/atmel/ATtiny_DFP/1.0.79/gcc/dev/attiny88/avr25/crtattiny88.o
 .text          0x00000000        0x0 display.o
 .data          0x00000000        0x0 display.o
 .bss           0x00000000        0x0 display.o
 .text          0x00000000        0x0 main.o
 .data          0x00000000        0x0 main.o
 .bss           0x00000000        0x0 main.o
 .text          0x00000000        0x0 lib/spi/double/spi_double.o
 .data          0x00000000        0x0 lib/spi/double/spi_double.o
 .bss           0x00000000        0x0 lib/spi/double/spi_double.o
 .debug_info    0x00000000       0x56 lib/spi/double/spi_double.o
 .debug_abbrev  0x00000000       0x26 lib/spi/double/spi_double.o
 .debug_aranges
                0x00000000       0x18 lib/spi/double/spi_double.o
 .debug_line    0x00000000       0x1a lib/spi/double/spi_double.o
 .debug_str     0x00000000      0x18d lib/spi/double/spi_double.o
 .comment       0x00000000       0x31 lib/spi/double/spi_double.o
 .text          0x00000000        0x0 lib/spi/single/spi_single.o
 .data          0x00000000        0x0 lib/spi/single/spi_single.o
 .bss           0x00000000        0x0 lib/spi/single/spi_single.o
 .text.spi_completed
                0x00000000       0x10 lib/spi/single/spi_single.o
 .text.spi_receive
                0x00000000        0xe lib/spi/single/spi_single.o
 .text.spi_transmit
                0x00000000        0xa lib/spi/single/spi_single.o
 .text          0x00000000        0x0 lib/spi/spi.o
 .data          0x00000000        0x0 lib/spi/spi.o
 .bss           0x00000000        0x0 lib/spi/spi.o
 .text          0x00000000        0x0 lib/mux4067/mux4067.o
 .data          0x00000000        0x0 lib/mux4067/mux4067.o
 .bss           0x00000000        0x0 lib/mux4067/mux4067.o
 .text          0x00000000        0x0 lib/max7221/max7221.o
 .data          0x00000000        0x0 lib/max7221/max7221.o
 .bss           0x00000000        0x0 lib/max7221/max7221.o
 .text          0x00000000        0x0 lib/protos/protos.o
 .data          0x00000000        0x0 lib/protos/protos.o
 .bss           0x00000000        0x0 lib/protos/protos.o
 .text.proto_reset
                0x00000000       0x14 lib/protos/protos.o
 .text.proto_completed
                0x00000000        0xe lib/protos/protos.o
 .text          0x00000000        0x0 c:/program files (x86)/atmel/studio/7.0/toolchain/avr8/avr8-gnu-toolchain/bin/../lib/gcc/avr/4.9.2/avr25\libgcc.a(_exit.o)
 .data          0x00000000        0x0 c:/program files (x86)/atmel/studio/7.0/toolchain/avr8/avr8-gnu-toolchain/bin/../lib/gcc/avr/4.9.2/avr25\libgcc.a(_exit.o)
 .bss           0x00000000        0x0 c:/program files (x86)/atmel/studio/7.0/toolchain/avr8/avr8-gnu-toolchain/bin/../lib/gcc/avr/4.9.2/avr25\libgcc.a(_exit.o)
 .text.libgcc.mul
                0x00000000        0x0 c:/program files (x86)/atmel/studio/7.0/toolchain/avr8/avr8-gnu-toolchain/bin/../lib/gcc/avr/4.9.2/avr25\libgcc.a(_exit.o)
 .text.libgcc.div
                0x00000000        0x0 c:/program files (x86)/atmel/studio/7.0/toolchain/avr8/avr8-gnu-toolchain/bin/../lib/gcc/avr/4.9.2/avr25\libgcc.a(_exit.o)
 .text.libgcc   0x00000000        0x0 c:/program files (x86)/atmel/studio/7.0/toolchain/avr8/avr8-gnu-toolchain/bin/../lib/gcc/avr/4.9.2/avr25\libgcc.a(_exit.o)
 .text.libgcc.prologue
                0x00000000        0x0 c:/program files (x86)/atmel/studio/7.0/toolchain/avr8/avr8-gnu-toolchain/bin/../lib/gcc/avr/4.9.2/avr25\libgcc.a(_exit.o)
 .text.libgcc.builtins
                0x00000000        0x0 c:/program files (x86)/atmel/studio/7.0/toolchain/avr8/avr8-gnu-toolchain/bin/../lib/gcc/avr/4.9.2/avr25\libgcc.a(_exit.o)
 .text.libgcc.fmul
                0x00000000        0x0 c:/program files (x86)/atmel/studio/7.0/toolchain/avr8/avr8-gnu-toolchain/bin/../lib/gcc/avr/4.9.2/avr25\libgcc.a(_exit.o)
 .text.libgcc.fixed
                0x00000000        0x0 c:/program files (x86)/atmel/studio/7.0/toolchain/avr8/avr8-gnu-toolchain/bin/../lib/gcc/avr/4.9.2/avr25\libgcc.a(_exit.o)
 .text          0x00000000        0x0 c:/program files (x86)/atmel/studio/7.0/toolchain/avr8/avr8-gnu-toolchain/bin/../lib/gcc/avr/4.9.2/avr25\libgcc.a(_copy_data.o)
 .data          0x00000000        0x0 c:/program files (x86)/atmel/studio/7.0/toolchain/avr8/avr8-gnu-toolchain/bin/../lib/gcc/avr/4.9.2/avr25\libgcc.a(_copy_data.o)
 .bss           0x00000000        0x0 c:/program files (x86)/atmel/studio/7.0/toolchain/avr8/avr8-gnu-toolchain/bin/../lib/gcc/avr/4.9.2/avr25\libgcc.a(_copy_data.o)
 .text.libgcc.mul
                0x00000000        0x0 c:/program files (x86)/atmel/studio/7.0/toolchain/avr8/avr8-gnu-toolchain/bin/../lib/gcc/avr/4.9.2/avr25\libgcc.a(_copy_data.o)
 .text.libgcc.div
                0x00000000        0x0 c:/program files (x86)/atmel/studio/7.0/toolchain/avr8/avr8-gnu-toolchain/bin/../lib/gcc/avr/4.9.2/avr25\libgcc.a(_copy_data.o)
 .text.libgcc   0x00000000        0x0 c:/program files (x86)/atmel/studio/7.0/toolchain/avr8/avr8-gnu-toolchain/bin/../lib/gcc/avr/4.9.2/avr25\libgcc.a(_copy_data.o)
 .text.libgcc.prologue
                0x00000000        0x0 c:/program files (x86)/atmel/studio/7.0/toolchain/avr8/avr8-gnu-toolchain/bin/../lib/gcc/avr/4.9.2/avr25\libgcc.a(_copy_data.o)
 .text.libgcc.builtins
                0x00000000        0x0 c:/program files (x86)/atmel/studio/7.0/toolchain/avr8/avr8-gnu-toolchain/bin/../lib/gcc/avr/4.9.2/avr25\libgcc.a(_copy_data.o)
 .text.libgcc.fmul
                0x00000000        0x0 c:/program files (x86)/atmel/studio/7.0/toolchain/avr8/avr8-gnu-toolchain/bin/../lib/gcc/avr/4.9.2/avr25\libgcc.a(_copy_data.o)
 .text.libgcc.fixed
                0x00000000        0x0 c:/program files (x86)/atmel/studio/7.0/toolchain/avr8/avr8-gnu-toolchain/bin/../lib/gcc/avr/4.9.2/avr25\libgcc.a(_copy_data.o)
 .text          0x00000000        0x0 c:/program files (x86)/atmel/studio/7.0/toolchain/avr8/avr8-gnu-toolchain/bin/../lib/gcc/avr/4.9.2/avr25\libgcc.a(_clear_bss.o)
 .data          0x00000000        0x0 c:/program files (x86)/atmel/studio/7.0/toolchain/avr8/avr8-gnu-toolchain/bin/../lib/gcc/avr/4.9.2/avr25\libgcc.a(_clear_bss.o)
 .bss           0x00000000        0x0 c:/program files (x86)/atmel/studio/7.0/toolchain/avr8/avr8-gnu-toolchain/bin/../lib/gcc/avr/4.9.2/avr25\libgcc.a(_clear_bss.o)
 .text.libgcc.mul
                0x00000000        0x0 c:/program files (x86)/atmel/studio/7.0/toolchain/avr8/avr8-gnu-toolchain/bin/../lib/gcc/avr/4.9.2/avr25\libgcc.a(_clear_bss.o)
 .text.libgcc.div
                0x00000000        0x0 c:/program files (x86)/atmel/studio/7.0/toolchain/avr8/avr8-gnu-toolchain/bin/../lib/gcc/avr/4.9.2/avr25\libgcc.a(_clear_bss.o)
 .text.libgcc   0x00000000        0x0 c:/program files (x86)/atmel/studio/7.0/toolchain/avr8/avr8-gnu-toolchain/bin/../lib/gcc/avr/4.9.2/avr25\libgcc.a(_clear_bss.o)
 .text.libgcc.prologue
                0x00000000        0x0 c:/program files (x86)/atmel/studio/7.0/toolchain/avr8/avr8-gnu-toolchain/bin/../lib/gcc/avr/4.9.2/avr25\libgcc.a(_clear_bss.o)
 .text.libgcc.builtins
                0x00000000        0x0 c:/program files (x86)/atmel/studio/7.0/toolchain/avr8/avr8-gnu-toolchain/bin/../lib/gcc/avr/4.9.2/avr25\libgcc.a(_clear_bss.o)
 .text.libgcc.fmul
                0x00000000        0x0 c:/program files (x86)/atmel/studio/7.0/toolchain/avr8/avr8-gnu-toolchain/bin/../lib/gcc/avr/4.9.2/avr25\libgcc.a(_clear_bss.o)
 .text.libgcc.fixed
                0x00000000        0x0 c:/program files (x86)/atmel/studio/7.0/toolchain/avr8/avr8-gnu-toolchain/bin/../lib/gcc/avr/4.9.2/avr25\libgcc.a(_clear_bss.o)

Memory Configuration

Name             Origin             Length             Attributes
text             0x00000000         0x00002000         xr
data             0x00800060         0x0000ffa0         rw !x
eeprom           0x00810000         0x00010000         rw !x
fuse             0x00820000         0x00000400         rw !x
lock             0x00830000         0x00000400         rw !x
signature        0x00840000         0x00000400         rw !x
user_signatures  0x00850000         0x00000400         rw !x
*default*        0x00000000         0xffffffff

Linker script and memory map

Address of section .data set to 0x800100
LOAD C:/Program Files (x86)/Atmel/Studio/7.0/Packs/atmel/ATtiny_DFP/1.0.79/gcc/dev/attiny88/avr25/crtattiny88.o
LOAD display.o
LOAD main.o
LOAD lib/spi/double/spi_double.o
LOAD lib/spi/single/spi_single.o
LOAD lib/spi/spi.o
LOAD lib/mux4067/mux4067.o
LOAD lib/max7221/max7221.o
LOAD lib/protos/protos.o
START GROUP
LOAD c:/program files (x86)/atmel/studio/7.0/toolchain/avr8/avr8-gnu-toolchain/bin/../lib/gcc/avr/4.9.2/../../../../avr/lib/avr25\libm.a
END GROUP
START GROUP
LOAD c:/program files (x86)/atmel/studio/7.0/toolchain/avr8/avr8-gnu-toolchain/bin/../lib/gcc/avr/4.9.2/avr25\libgcc.a
LOAD c:/program files (x86)/atmel/studio/7.0/toolchain/avr8/avr8-gnu-toolchain/bin/../lib/gcc/avr/4.9.2/../../../../avr/lib/avr25\libm.a
LOAD c:/program files (x86)/atmel/studio/7.0/toolchain/avr8/avr8-gnu-toolchain/bin/../lib/gcc/avr/4.9.2/../../../../avr/lib/avr25\libc.a
LOAD C:/Program Files (x86)/Atmel/Studio/7.0/Packs/atmel/ATtiny_DFP/1.0.79/gcc/dev/attiny88/avr25\libattiny88.a
END GROUP
                0x00002000                __TEXT_REGION_LENGTH__ = DEFINED (__TEXT_REGION_LENGTH__)?__TEXT_REGION_LENGTH__:0x2000
                0x0000ffa0                __DATA_REGION_LENGTH__ = DEFINED (__DATA_REGION_LENGTH__)?__DATA_REGION_LENGTH__:0xffa0
                0x00010000                __EEPROM_REGION_LENGTH__ = DEFINED (__EEPROM_REGION_LENGTH__)?__EEPROM_REGION_LENGTH__:0x10000
                0x00000400                __FUSE_REGION_LENGTH__ = DEFINED (__FUSE_REGION_LENGTH__)?__FUSE_REGION_LENGTH__:0x400
                0x00000400                __LOCK_REGION_LENGTH__ = DEFINED (__LOCK_REGION_LENGTH__)?__LOCK_REGION_LENGTH__:0x400
                0x00000400                __SIGNATURE_REGION_LENGTH__ = DEFINED (__SIGNATURE_REGION_LENGTH__)?__SIGNATURE_REGION_LENGTH__:0x400
                0x00000400                __USER_SIGNATURE_REGION_LENGTH__ = DEFINED (__USER_SIGNATURE_REGION_LENGTH__)?__USER_SIGNATURE_REGION_LENGTH__:0x400

.hash
 *(.hash)

.dynsym
 *(.dynsym)

.dynstr
 *(.dynstr)

.gnu.version
 *(.gnu.version)

.gnu.version_d
 *(.gnu.version_d)

.gnu.version_r
 *(.gnu.version_r)

.rel.init
 *(.rel.init)

.rela.init
 *(.rela.init)

.rel.text
 *(.rel.text)
 *(.rel.text.*)
 *(.rel.gnu.linkonce.t*)

.rela.text
 *(.rela.text)
 *(.rela.text.*)
 *(.rela.gnu.linkonce.t*)

.rel.fini
 *(.rel.fini)

.rela.fini
 *(.rela.fini)

.rel.rodata
 *(.rel.rodata)
 *(.rel.rodata.*)
 *(.rel.gnu.linkonce.r*)

.rela.rodata
 *(.rela.rodata)
 *(.rela.rodata.*)
 *(.rela.gnu.linkonce.r*)

.rel.data
 *(.rel.data)
 *(.rel.data.*)
 *(.rel.gnu.linkonce.d*)

.rela.data
 *(.rela.data)
 *(.rela.data.*)
 *(.rela.gnu.linkonce.d*)

.rel.ctors
 *(.rel.ctors)

.rela.ctors
 *(.rela.ctors)

.rel.dtors
 *(.rel.dtors)

.rela.dtors
 *(.rela.dtors)

.rel.got
 *(.rel.got)

.rela.got
 *(.rela.got)

.rel.bss
 *(.rel.bss)

.rela.bss
 *(.rela.bss)

.rel.plt
 *(.rel.plt)

.rela.plt
 *(.rela.plt)

.text           0x00000000      0x830
 *(.vectors)
 .vectors       0x00000000       0x28 C:/Program Files (x86)/Atmel/Studio/7.0/Packs/atmel/ATtiny_DFP/1.0.79/gcc/dev/attiny88/avr25/crtattiny88.o
                0x00000000                __vector_default
                0x00000000                __vectors
 *(.vectors)
 *(.progmem.gcc*)
                0x00000028                . = ALIGN (0x2)
                0x00000028                __trampolines_start = .
 *(.trampolines)
 .trampolines   0x00000028        0x0 linker stubs
 *(.trampolines*)
                0x00000028                __trampolines_end = .
 *libprintf_flt.a:*(.progmem.data)
 *libc.a:*(.progmem.data)
 *(.progmem*)
                0x00000028                . = ALIGN (0x2)
 *(.jumptables)
 *(.jumptables*)
 *(.lowtext)
 *(.lowtext*)
                0x00000028                __ctors_start = .
 *(.ctors)
                0x00000028                __ctors_end = .
                0x00000028                __dtors_start = .
 *(.dtors)
                0x00000028                __dtors_end = .
 SORT(*)(.ctors)
 SORT(*)(.dtors)
 *(.init0)
 .init0         0x00000028        0x0 C:/Program Files (x86)/Atmel/Studio/7.0/Packs/atmel/ATtiny_DFP/1.0.79/gcc/dev/attiny88/avr25/crtattiny88.o
                0x00000028                __init
 *(.init0)
 *(.init1)
 *(.init1)
 *(.init2)
 .init2         0x00000028        0xc C:/Program Files (x86)/Atmel/Studio/7.0/Packs/atmel/ATtiny_DFP/1.0.79/gcc/dev/attiny88/avr25/crtattiny88.o
 *(.init2)
 *(.init3)
 *(.init3)
 *(.init4)
 .init4         0x00000034       0x16 c:/program files (x86)/atmel/studio/7.0/toolchain/avr8/avr8-gnu-toolchain/bin/../lib/gcc/avr/4.9.2/avr25\libgcc.a(_copy_data.o)
                0x00000034                __do_copy_data
 .init4         0x0000004a       0x10 c:/program files (x86)/atmel/studio/7.0/toolchain/avr8/avr8-gnu-toolchain/bin/../lib/gcc/avr/4.9.2/avr25\libgcc.a(_clear_bss.o)
                0x0000004a                __do_clear_bss
 *(.init4)
 *(.init5)
 *(.init5)
 *(.init6)
 *(.init6)
 *(.init7)
 *(.init7)
 *(.init8)
 *(.init8)
 *(.init9)
 .init9         0x0000005a        0x4 C:/Program Files (x86)/Atmel/Studio/7.0/Packs/atmel/ATtiny_DFP/1.0.79/gcc/dev/attiny88/avr25/crtattiny88.o
 *(.init9)
 *(.text)
 .text          0x0000005e        0x2 C:/Program Files (x86)/Atmel/Studio/7.0/Packs/atmel/ATtiny_DFP/1.0.79/gcc/dev/attiny88/avr25/crtattiny88.o
                0x0000005e                __vector_1
                0x0000005e                __vector_12
                0x0000005e                __bad_interrupt
                0x0000005e                __vector_6
                0x0000005e                __vector_3
                0x0000005e                __vector_11
                0x0000005e                __vector_13
                0x0000005e                __vector_17
                0x0000005e                __vector_19
                0x0000005e                __vector_7
                0x0000005e                __vector_4
                0x0000005e                __vector_9
                0x0000005e                __vector_2
                0x0000005e                __vector_8
                0x0000005e                __vector_14
                0x0000005e                __vector_10
                0x0000005e                __vector_16
                0x0000005e                __vector_18
                0x00000060                . = ALIGN (0x2)
 *(.text.*)
 .text.display_update
                0x00000060       0x84 display.o
                0x00000060                display_update
 .text.__vector_5
                0x000000e4       0x22 main.o
                0x000000e4                __vector_5
 .text.main     0x00000106      0x148 main.o
                0x00000106                main
 .text.spi_tranceive_byte
                0x0000024e        0xc lib/spi/single/spi_single.o
                0x0000024e                spi_tranceive_byte
 .text.spi_init
                0x0000025a       0x44 lib/spi/single/spi_single.o
                0x0000025a                spi_init
 .text.spi_reset
                0x0000029e       0x22 lib/spi/single/spi_single.o
                0x0000029e                spi_reset
 .text.spi_tranceive
                0x000002c0       0x16 lib/spi/single/spi_single.o
                0x000002c0                spi_tranceive
 .text.__vector_15
                0x000002d6       0x4a lib/spi/single/spi_single.o
                0x000002d6                __vector_15
 .text._spi_tranceive
                0x00000320       0xda lib/spi/spi.o
                0x00000320                _spi_tranceive
 .text._spi_isr
                0x000003fa       0x2c lib/spi/spi.o
                0x000003fa                _spi_isr
 .text.mux4067_init
                0x00000426       0x1a lib/mux4067/mux4067.o
                0x00000426                mux4067_init
 .text.mux4067_read
                0x00000440       0x42 lib/mux4067/mux4067.o
                0x00000440                mux4067_read
 .text.max7221_write
                0x00000482       0x92 lib/max7221/max7221.o
                0x00000482                max7221_write
 .text.max7221_init
                0x00000514       0x2e lib/max7221/max7221.o
                0x00000514                max7221_init
 .text.max7221_display
                0x00000542       0x3a lib/max7221/max7221.o
                0x00000542                max7221_display
 .text.calculate_crc
                0x0000057c       0x94 lib/protos/protos.o
 .text.completed
                0x00000610      0x104 lib/protos/protos.o
 .text.proto_init
                0x00000714        0xe lib/protos/protos.o
                0x00000714                proto_init
 .text.proto_status
                0x00000722        0x8 lib/protos/protos.o
                0x00000722                proto_status
 .text.proto_create_empty
                0x0000072a       0x58 lib/protos/protos.o
                0x0000072a                proto_create_empty
 .text.proto_create
                0x00000782       0x6c lib/protos/protos.o
                0x00000782                proto_create
 .text.proto_tranceive
                0x000007ee       0x3e lib/protos/protos.o
                0x000007ee                proto_tranceive
                0x0000082c                . = ALIGN (0x2)
 *(.fini9)
 .fini9         0x0000082c        0x0 c:/program files (x86)/atmel/studio/7.0/toolchain/avr8/avr8-gnu-toolchain/bin/../lib/gcc/avr/4.9.2/avr25\libgcc.a(_exit.o)
                0x0000082c                _exit
                0x0000082c                exit
 *(.fini9)
 *(.fini8)
 *(.fini8)
 *(.fini7)
 *(.fini7)
 *(.fini6)
 *(.fini6)
 *(.fini5)
 *(.fini5)
 *(.fini4)
 *(.fini4)
 *(.fini3)
 *(.fini3)
 *(.fini2)
 *(.fini2)
 *(.fini1)
 *(.fini1)
 *(.fini0)
 .fini0         0x0000082c        0x4 c:/program files (x86)/atmel/studio/7.0/toolchain/avr8/avr8-gnu-toolchain/bin/../lib/gcc/avr/4.9.2/avr25\libgcc.a(_exit.o)
 *(.fini0)
                0x00000830                _etext = .

.data           0x00800100       0x24 load address 0x00000830
                0x00800100                PROVIDE (__data_start, .)
 *(.data)
 *(.data*)
 .data.spi_state
                0x00800100       0x13 lib/spi/single/spi_single.o
                0x00800100                spi_state
 *(.rodata)
 *(.rodata*)
 .rodata.table.1640
                0x00800113       0x10 lib/max7221/max7221.o
 *(.gnu.linkonce.d*)
                0x00800124                . = ALIGN (0x2)
 *fill*         0x00800123        0x1 
                0x00800124                _edata = .
                0x00800124                PROVIDE (__data_end, .)

.bss            0x00800124        0xc
                0x00800124                PROVIDE (__bss_start, .)
 *(.bss)
 *(.bss*)
 .bss.updated   0x00800124        0x1 main.o
 *(COMMON)
 COMMON         0x00800125        0xb lib/protos/protos.o
                0x00800125                state
                0x00800130                PROVIDE (__bss_end, .)
                0x00000830                __data_load_start = LOADADDR (.data)
                0x00000854                __data_load_end = (__data_load_start + SIZEOF (.data))

.noinit         0x00800130        0x0
                [!provide]                PROVIDE (__noinit_start, .)
 *(.noinit*)
                [!provide]                PROVIDE (__noinit_end, .)
                0x00800130                _end = .
                [!provide]                PROVIDE (__heap_start, .)

.eeprom         0x00810000        0x0
 *(.eeprom*)
                0x00810000                __eeprom_end = .

.fuse
 *(.fuse)
 *(.lfuse)
 *(.hfuse)
 *(.efuse)

.lock
 *(.lock*)

.signature
 *(.signature*)

.user_signatures
 *(.user_signatures*)

.stab
 *(.stab)

.stabstr
 *(.stabstr)

.stab.excl
 *(.stab.excl)

.stab.exclstr
 *(.stab.exclstr)

.stab.index
 *(.stab.index)

.stab.indexstr
 *(.stab.indexstr)

.comment        0x00000000       0x30
 *(.comment)
 .comment       0x00000000       0x30 display.o
                                 0x31 (size before relaxing)
 .comment       0x00000030       0x31 main.o
 .comment       0x00000030       0x31 lib/spi/single/spi_single.o
 .comment       0x00000030       0x31 lib/spi/spi.o
 .comment       0x00000030       0x31 lib/mux4067/mux4067.o
 .comment       0x00000030       0x31 lib/max7221/max7221.o
 .comment       0x00000030       0x31 lib/protos/protos.o

.note.gnu.avr.deviceinfo
                0x00000000       0x3c
 .note.gnu.avr.deviceinfo
                0x00000000       0x3c C:/Program Files (x86)/Atmel/Studio/7.0/Packs/atmel/ATtiny_DFP/1.0.79/gcc/dev/attiny88/avr25/crtattiny88.o

.note.gnu.build-id
 *(.note.gnu.build-id)

.debug
 *(.debug)

.line
 *(.line)

.debug_srcinfo
 *(.debug_srcinfo)

.debug_sfnames
 *(.debug_sfnames)

.debug_aranges  0x00000000      0x180
 *(.debug_aranges)
 .debug_aranges
                0x00000000       0x20 display.o
 .debug_aranges
                0x00000020       0x28 main.o
 .debug_aranges
                0x00000048       0x58 lib/spi/single/spi_single.o
 .debug_aranges
                0x000000a0       0x28 lib/spi/spi.o
 .debug_aranges
                0x000000c8       0x28 lib/mux4067/mux4067.o
 .debug_aranges
                0x000000f0       0x30 lib/max7221/max7221.o
 .debug_aranges
                0x00000120       0x60 lib/protos/protos.o

.debug_pubnames
 *(.debug_pubnames)

.debug_info     0x00000000     0x187a
 *(.debug_info .gnu.linkonce.wi.*)
 .debug_info    0x00000000      0x1ee display.o
 .debug_info    0x000001ee      0x5f2 main.o
 .debug_info    0x000007e0      0x411 lib/spi/single/spi_single.o
 .debug_info    0x00000bf1      0x29e lib/spi/spi.o
 .debug_info    0x00000e8f       0xb8 lib/mux4067/mux4067.o
 .debug_info    0x00000f47      0x380 lib/max7221/max7221.o
 .debug_info    0x000012c7      0x5b3 lib/protos/protos.o

.debug_abbrev   0x00000000      0xb0f
 *(.debug_abbrev)
 .debug_abbrev  0x00000000      0x11e display.o
 .debug_abbrev  0x0000011e      0x23f main.o
 .debug_abbrev  0x0000035d      0x1b9 lib/spi/single/spi_single.o
 .debug_abbrev  0x00000516      0x139 lib/spi/spi.o
 .debug_abbrev  0x0000064f       0x7a lib/mux4067/mux4067.o
 .debug_abbrev  0x000006c9      0x1b7 lib/max7221/max7221.o
 .debug_abbrev  0x00000880      0x28f lib/protos/protos.o

.debug_line     0x00000000      0xf76
 *(.debug_line .debug_line.* .debug_line_end)
 .debug_line    0x00000000      0x1b8 display.o
 .debug_line    0x000001b8      0x34f main.o
 .debug_line    0x00000507      0x23b lib/spi/single/spi_single.o
 .debug_line    0x00000742      0x1b9 lib/spi/spi.o
 .debug_line    0x000008fb      0x156 lib/mux4067/mux4067.o
 .debug_line    0x00000a51      0x21c lib/max7221/max7221.o
 .debug_line    0x00000c6d      0x309 lib/protos/protos.o

.debug_frame    0x00000000      0x348
 *(.debug_frame)
 .debug_frame   0x00000000       0x34 display.o
 .debug_frame   0x00000034       0x54 main.o
 .debug_frame   0x00000088       0xdc lib/spi/single/spi_single.o
 .debug_frame   0x00000164       0x78 lib/spi/spi.o
 .debug_frame   0x000001dc       0x34 lib/mux4067/mux4067.o
 .debug_frame   0x00000210       0x54 lib/max7221/max7221.o
 .debug_frame   0x00000264       0xe4 lib/protos/protos.o

.debug_str      0x00000000      0x59b
 *(.debug_str)
 .debug_str     0x00000000      0x1d0 display.o
                                0x204 (size before relaxing)
 .debug_str     0x000001d0      0x1d0 main.o
                                0x394 (size before relaxing)
 .debug_str     0x000003a0       0x9b lib/spi/single/spi_single.o
                                0x2cc (size before relaxing)
 .debug_str     0x0000043b       0x20 lib/spi/spi.o
                                0x249 (size before relaxing)
 .debug_str     0x0000045b       0x2d lib/mux4067/mux4067.o
                                0x1bc (size before relaxing)
 .debug_str     0x00000488       0x9c lib/max7221/max7221.o
                                0x23f (size before relaxing)
 .debug_str     0x00000524       0x77 lib/protos/protos.o
                                0x301 (size before relaxing)

.debug_loc      0x00000000      0xe96
 *(.debug_loc)
 .debug_loc     0x00000000       0xd6 display.o
 .debug_loc     0x000000d6      0x14e main.o
 .debug_loc     0x00000224      0x26a lib/spi/single/spi_single.o
 .debug_loc     0x0000048e      0x253 lib/spi/spi.o
 .debug_loc     0x000006e1       0x21 lib/mux4067/mux4067.o
 .debug_loc     0x00000702      0x337 lib/max7221/max7221.o
 .debug_loc     0x00000a39      0x45d lib/protos/protos.o

.debug_macinfo
 *(.debug_macinfo)

.debug_weaknames
 *(.debug_weaknames)

.debug_funcnames
 *(.debug_funcnames)

.debug_typenames
 *(.debug_typenames)

.debug_varnames
 *(.debug_varnames)

.debug_pubtypes
 *(.debug_pubtypes)

.debug_ranges   0x00000000      0x178
 *(.debug_ranges)
 .debug_ranges  0x00000000       0x10 display.o
 .debug_ranges  0x00000010       0x60 main.o
 .debug_ranges  0x00000070       0x48 lib/spi/single/spi_single.o
 .debug_ranges  0x000000b8       0x18 lib/spi/spi.o
 .debug_ranges  0x000000d0       0x18 lib/mux4067/mux4067.o
 .debug_ranges  0x000000e8       0x40 lib/max7221/max7221.o
 .debug_ranges  0x00000128       0x50 lib/protos/protos.o

.debug_macro
 *(.debug_macro)
OUTPUT(register.elf elf32-avr)
LOAD linker stubs
